---
source: tests/test_advanced.rs
expression: "&value"
---
3
